// Jest Snapshot v1, https://goo.gl/fbAQLP

exports[`should render AboutUs view 1`] = `
<div>
  <div>
    <div
      class="aboutHeader"
    >
      <h1>
        Meet The Team
      </h1>
    </div>
    <section
      class="section"
    >
      <div
        class="left"
      >
        <p
          class="name"
        >
          Simon Kaine
        </p>
        <img
          src="/path/image"
        />
        <p
          class="text"
        >
          Hi! I am a Full Stack Software Engineer currently living in Milwaukie, Oregon. Born on May 31st 1988 when the number one song in the US that week was 'One More Try' by George Michael.
        </p>
        <div
          class="linkList"
        >
          <a
            href="https://www.linkedin.com/in/simonbishopkaine/"
          >
            <img
              class="linkedIn"
              src="/path/image"
            />
          </a>
          <a
            href="https://github.com/simonkaine"
          >
            <img
              class="gitHub"
              src="/path/image"
            />
          </a>
        </div>
      </div>
      <div
        class="right"
      >
        <p
          class="name"
        >
          Aemilius Morgan
        </p>
        <img
          src="/path/image"
        />
        <p
          class="text"
        >
          Hello! I am a software engineer located in Portland OR. an interesting fact about me is that I am left handed, but I can use both fairly well.
        </p>
        <div
          class="linkList"
        >
          <a
            href="https://www.linkedin.com/in/aemilius-morgan/"
          >
            <img
              class="linkedIn"
              src="/path/image"
            />
          </a>
          <a
            href="https://github.com/AemiliusM"
          >
            <img
              class="gitHub"
              src="/path/image"
            />
          </a>
        </div>
      </div>
      <div
        class="left"
      >
        <p
          class="name"
        >
          Peter Montano
        </p>
        <img
          src="/path/image"
        />
        <p
          class="text"
        >
          Full Stack Software Developer currently living in Portland, Oregon. Born on August 12th 1998, the year of the tiger.
        </p>
        <div
          class="linkList"
        >
          <a
            href="https://www.linkedin.com/in/petermontano/"
          >
            <img
              class="linkedIn"
              src="/path/image"
            />
          </a>
          <a
            href="https://github.com/Montano-Pete"
          >
            <img
              class="gitHub"
              src="/path/image"
            />
          </a>
        </div>
      </div>
      <div
        class="right"
      >
        <p
          class="name"
        >
          Dylan Greathouse
        </p>
        <img
          src="/path/image"
        />
        <p
          class="text"
        >
          Developing a passion for front and back end web development. Love any opportunity to design and create. Always looking for a chance to learn and be a better version of myself than I was the day before. Strong interest in game design and cooking.
        </p>
        <div
          class="linkList"
        >
          <a
            href="https://www.linkedin.com/in/dylan-greathouse/"
          >
            <img
              class="linkedIn"
              src="/path/image"
            />
          </a>
          <a
            href="https://github.com/Dylan-Greathouse"
          >
            <img
              class="gitHub"
              src="/path/image"
            />
          </a>
        </div>
      </div>
    </section>
  </div>
</div>
`;
